ets Ju8 2016 0Ò’ï¿½:57

ï¿½.ï¿½ï¿½ï¿½ï¿½ (POUï¿½ï¿½9}IMQï¿½,boot:0x13 iï¿½}MQ}1SH_BOOT)
ï¿½ï¿½Ë¥ï¿½Í¥ï¿½ï¿½ 0,ï¿½A%]Aï¿½0xeeCï¿½,kï¿½Eï¿½ï¿½ï¿½0x0bï¿½}ï¿½ï¿½ï¿½ï¿½0x00ï¿½}ï¿½ï¿½ï¿½ï¿½0x00,ï¿½.ï¿½ï¿½ï¿½ï¿½ï¿½0x00,ï¿½}ï¿½ï¿½ï¿½ï¿½0x00,}ï¿½ï¿½ï¿½ï¿½0x00Cï¿½ë‹•ï¿½DIO, ,ï¿½kï¿½ï¿½div:1C!ï¿½+ï¿½ï¿½0x3fffï¿½ï¿½ï¿½,len:752SHï¿½ï¿½+ï¿½ï¿½0x40ï¿½ï¿½000,lenï¿½ï¿½ï¿½52
load'ï¿½ï¿½0080400,ï¿½ï¿½:4
load:0ï¿½0080404,len'ÓŠ2
entry 0ï¿½008065c
[0;32mI (28) boot: ESP-IDF v5.4-dev-421-g4523f2d674 2nd stage bootloader[0m
[0;32mI (28) boot: compile time Oct 25 2024 16:10:24[0m
[0;32mI (30) boot: Multicore bootloader[0m
[0;32mI (34) boot: chip revision: v1.1[0m
[0;32mI (38) qio_mode: Enabling default flash chip QIO[0m
[0;32mI (43) boot.esp32: SPI Speed      : 80MHz[0m
[0;32mI (48) boot.esp32: SPI Mode       : QIO[0m
[0;32mI (52) boot.esp32: SPI Flash Size : 4MB[0m
[0;32mI (57) boot: Enabling RNG early entropy source...[0m
[0;32mI (62) boot: Partition Table:[0m
[0;32mI (66) boot: ## Label            Usage          Type ST Offset   Length[0m
[0;32mI (73) boot:  0 nvs              WiFi data        01 02 00009000 00006000[0m
[0;32mI (81) boot:  1 phy_init         RF data          01 01 0000f000 00001000[0m
[0;32mI (88) boot:  2 factory          factory app      00 00 00010000 00300000[0m
[0;32mI (96) boot: End of partition table[0m
[0;32mI (100) esp_image: segment 0: paddr=00010020 vaddr=3f400020 size=129c8h ( 76232) map[0m
[0;32mI (128) esp_image: segment 1: paddr=000229f0 vaddr=3ffb0000 size=0d628h ( 54824) load[0m
[0;32mI (144) esp_image: segment 2: paddr=00030020 vaddr=400d0020 size=32580h (206208) map[0m
[0;32mI (197) esp_image: segment 3: paddr=000625a8 vaddr=3ffbd628 size=16d94h ( 93588) load[0m
[0;32mI (223) esp_image: segment 4: paddr=00079344 vaddr=40080000 size=10a28h ( 68136) load[0m
[0;32mI (261) boot: Loaded app from partition at offset 0x10000[0m
[0;32mI (261) boot: Disabling RNG early entropy source...[0m
[0;32mI (273) cpu_start: Multicore app[0m
[0;32mI (273) quad_psram: This chip is ESP32-D0WD[0m
[0;32mI (273) esp_psram: Found 8MB PSRAM device[0m
[0;32mI (275) esp_psram: Speed: 80MHz[0m
[0;32mI (279) esp_psram: PSRAM initialized, cache is in low/high (2-core) mode.[0m
[0;33mW (287) esp_psram: Virtual address not enough for PSRAM, map as much as we can. 4MB is mapped[0m
[0;32mI (759) esp_psram: SPI SRAM memory test OK[0m
[0;32mI (767) cpu_start: Pro cpu start user code[0m
[0;32mI (767) cpu_start: cpu freq: 240000000 Hz[0m
[0;32mI (767) app_init: Application information:[0m
[0;32mI (770) app_init: Project name:     person_detection[0m
[0;32mI (776) app_init: App version:      1[0m
[0;32mI (780) app_init: Compile time:     Oct 25 2024 18:21:00[0m
[0;32mI (786) app_init: ELF file SHA256:  9c206c681...[0m
[0;32mI (791) app_init: ESP-IDF:          v5.4-dev-421-g4523f2d674[0m
[0;32mI (797) efuse_init: Min chip rev:     v0.0[0m
[0;32mI (802) efuse_init: Max chip rev:     v3.99 [0m
[0;32mI (807) efuse_init: Chip rev:         v1.1[0m
[0;32mI (812) heap_init: Initializing. RAM available for dynamic allocation:[0m
[0;32mI (819) heap_init: At 3FFAE6E0 len 00001920 (6 KiB): DRAM[0m
[0;32mI (825) heap_init: At 3FFD51C8 len 0000AE38 (43 KiB): DRAM[0m
[0;32mI (831) heap_init: At 3FFE0440 len 00003AE0 (14 KiB): D/IRAM[0m
[0;32mI (838) heap_init: At 3FFE4350 len 0001BCB0 (111 KiB): D/IRAM[0m
[0;32mI (844) heap_init: At 40090A28 len 0000F5D8 (61 KiB): IRAM[0m
[0;32mI (851) esp_psram: Adding pool of 4096K of PSRAM memory to heap allocator[0m
[0;32mI (858) spi_flash: detected chip: generic[0m
[0;32mI (863) spi_flash: flash io: qio[0m
[0;33mW (866) i2c: This driver is an old driver, please migrate your application code to adapt `driver/i2c_master.h`[0m
[0;32mI (878) main_task: Started on CPU0[0m
[0;32mI (888) main_task: Calling app_main()[0m
[0;32mI (888) gpio: GPIO[25]| InputEn: 1| OutputEn: 0| OpenDrain: 0| Pullup: 1| Pulldown: 0| Intr:2 [0m
[0;32mI (888) cam_hal: cam init ok[0m
[0;32mI (898) sccb: pin_sda 26 pin_scl 27[0m
[0;32mI (898) sccb: sccb_i2c_port=1[0m
[0;32mI (898) gpio: GPIO[32]| InputEn: 0| OutputEn: 1| OpenDrain: 0| Pullup: 0| Pulldown: 0| Intr:0 [0m
[0;32mI (938) camera: Detected camera at address=0x30[0m
[0;32mI (938) camera: Detected OV2640 camera[0m
[0;32mI (938) camera: Camera PID=0x26 VER=0x42 MIDL=0x7f MIDH=0xa2[0m
[0;32mI (1008) esp32 ll_cam: node_size: 3072, nodes_per_line: 1, lines_per_node: 4, dma_half_buffer_min:  3072, dma_half_buffer: 12288,lines_per_half_buffer: 16, dma_buffer_size: 24576, image_size: 18432[0m
[0;32mI (1018) cam_hal: buffer_size: 24576, half_buffer_size: 12288, node_buffer_size: 3072, node_cnt: 8, total_cnt: 1[0m
[0;32mI (1028) cam_hal: Allocating 9216 Byte frame buffer in PSRAM[0m
[0;32mI (1038) cam_hal: Allocating 9216 Byte frame buffer in PSRAM[0m
[0;32mI (1038) cam_hal: cam config ok[0m
[0;32mI (1048) ov2640: Set PLL: clk_2x: 0, clk_div: 3, pclk_auto: 1, pclk_div: 8[0m
Camera Initialized

Image Captured

Detected digit: okay
Image Captured

Detected digit: okay
Image Captured

Detected digit: okay
Image Captured

Detected digit: okay
Image Captured

Detected digit: okay
Image Captured

Detected digit: fist
Image Captured

Detected digit: fist
Image Captured

Detected digit: okay
Image Captured

Detected digit: okay
Image Captured

Detected digit: okay
Image Captured

Detected digit: okay
Image Captured

Detected digit: okay
Image Captured

Detected digit: okay
Image Captured

Detected digit: okay
Image Captured

Detected digit: fist
Image Captured

Detected digit: okay
Image Captured

Detected digit: fist
Image Captured

Detected digit: fist
Image Captured

Detected digit: five
Image Captured

Detected digit: five
Image Captured

Detected digit: fist
Image Captured

Detected digit: okay
Image Captured

Detected digit: okay
Image Captured

Detected digit: okay
Image Captured

Detected digit: okay
Image Captured

Detected digit: five
Image Captured

Detected digit: okay
Image Captured

Detected digit: okay
Image Captured

Detected digit: five
Image Captured

Detected digit: fist
Image Captured

Detected digit: five
Image Captured

Detected digit: okay
Image Captured

Detected digit: okay
Image Captured

Detected digit: okay
Image Captured

Detected digit: okay
Image Captured

Detected digit: okay
Image Captured

Detected digit: five
Image Captured

Detected digit: fist
Image Captured

Detected digit: okay
Image Captured

Detected digit: five
Image Captured

Detected digit: okay
Image Captured

Detected digit: okay
Image Captured

Detected digit: fist
Image Captured

Detected digit: fist
Image Captured

Detected digit: fist
Image Captured

Detected digit: okay
Image Captured

Detected digit: okay
Image Captured

Detected digit: fist
Image Captured

Detected digit: okay
Image Captured

Detected digit: okay
Image Captured

Detected digit: five
Image Captured

Detected digit: fist
Image Captured

Detected digit: fist
Image Captured

Detected digit: five
Image Captured

Detected digit: five
Image Captured

Detected digit: fist
Image Captured

Detected digit: fist
Image Captured

